Command line invocation:
    /Applications/Xcode.app/Contents/Developer/usr/bin/xcodebuild test-without-building -project Written.xcodeproj -scheme Written -sdk iphonesimulator -destination "platform=iOS Simulator,id=9DE75018-1C28-4185-8C77-70732C1E0340" -configuration Debug "-only-testing:WrittenUITests" -resultBundlePath out/layout/se3_default.xcresult

Build settings from command line:
    SDKROOT = iphonesimulator26.5

Writing result bundle at path:
	/Users/shingheimok/Desktop/WrittenApp/out/layout/se3_default.xcresult

2026-08-05 14:11:10.593 xcodebuild[96363:3492808] [MT] IDELaunchParametersSnapshot: The operation couldn’t be completed. (DebuggerLLDB.DebuggerVersionStore.StoreError error 0.)
2026-08-05 14:11:10.594 xcodebuild[96363:3492808] [MT] IDELaunchParametersSnapshot: no debugger version
2026-08-05 14:11:47.785 xcodebuild[96363:3492808] [MT] IDELaunchParametersSnapshot: The operation couldn’t be completed. (DebuggerLLDB.DebuggerVersionStore.StoreError error 0.)
2026-08-05 14:11:47.787 xcodebuild[96363:3492808] [MT] IDELaunchParametersSnapshot: no debugger version
2026-08-05 14:13:31.254 xcodebuild[96363:3492808] [MT] IDELaunchParametersSnapshot: The operation couldn’t be completed. (DebuggerLLDB.DebuggerVersionStore.StoreError error 0.)
2026-08-05 14:13:31.255 xcodebuild[96363:3492808] [MT] IDELaunchParametersSnapshot: no debugger version
2026-08-05 14:14:39.294 xcodebuild[96363:3492808] [MT] IDELaunchReport: 65b13af549c6da80:65b13af549ed0580:Install Actions Finished with error: Unable to boot the Simulator.
Domain: NSPOSIXErrorDomain
Code: 60
Failure Reason: launchd failed to respond.
User Info: {
    Session = "com.apple.CoreSimulator.SimDevice.807E8BC0-F549-4706-9798-AFF357329091";
}
--
Failed to start launchd_sim: could not bind to session, launchd_sim may have crashed or quit responding
Domain: com.apple.SimLaunchHostService.RequestError
Code: 4
--

2026-08-05 14:14:39.295 xcodebuild[96363:3492808] [MT] IDELaunchReport: 65b13af549c6da80:65b13af549ed0580:Install Actions com.apple.dt.IDERunOperationWorkerFinished {
    "operation_duration_ms" = 51546;
    "operation_errorCode" = 60;
    "operation_errorDomain" = NSPOSIXErrorDomain;
    "operation_error_reportable" = 1;
    "operation_name" = "_IDEInstalliPhoneSimulatorWorker";
}
2026-08-05 14:15:12.285 xcodebuild[96363:3492808] [MT] IDELaunchParametersSnapshot: The operation couldn’t be completed. (DebuggerLLDB.DebuggerVersionStore.StoreError error 0.)
2026-08-05 14:15:12.286 xcodebuild[96363:3492808] [MT] IDELaunchParametersSnapshot: no debugger version
2026-08-05 14:27:35.095 xcodebuild[96363:3551590] CoreSimulatorService connection interrupted.  Resubscribing to notifications.
2026-08-05 14:27:35.371 xcodebuild[96363:3541421] Logging connection interrupted: <OS_xpc_error: <dictionary: 0x1fa019598> { count = 1, transaction: 0, voucher = 0x0, contents =
	"XPCErrorDescription" => <string: 0x1fa019700> { string cache = 0x0, length = 22, contents = "Connection interrupted" }
}>
2026-08-05 14:27:36.665 xcodebuild[96363:3541354]  iOSSimulator: 00D62004-74EA-4200-9284-50C828094956: Failed to launch app with identifier: com.written.datingapp.WrittenUITests.xctrunner and options: {
    "activate_suspended" = 1;
    arguments =     (
        "-probe",
        podcasts,
        "-push",
        ask
    );
    environment =     {
        "APP_DISTRIBUTOR_ID_OVERRIDE" = "com.apple.AppStore";
        "CA_ASSERT_MAIN_THREAD_TRANSACTIONS" = 0;
        "CA_DEBUG_TRANSACTIONS" = 0;
        "DYLD_FRAMEWORK_PATH" = "/Users/shingheimok/Library/Developer/Xcode/DerivedData/Written-aomxzmeccwvsxyblvyaadgqusuyw/Build/Products/Debug-iphonesimulator:/Applications/Xcode.app/Contents/Developer/Platforms/iPhoneSimulator.platform/Developer/Library/Frameworks";
        "DYLD_INSERT_LIBRARIES" = "/usr/lib/libRPAC.dylib:/Library/Developer/CoreSimulator/Volumes/iOS_23F77/Library/Developer/CoreSimulator/Profiles/Runtimes/iOS 26.5.simruntime/Contents/Resources/RuntimeRoot/usr/lib/libMainThreadChecker.dylib:/usr/lib/libRPAC.dylib";
        "DYLD_LIBRARY_PATH" = "/Users/shingheimok/Library/Developer/Xcode/DerivedData/Written-aomxzmeccwvsxyblvyaadgqusuyw/Build/Products/Debug-iphonesimulator:/Applications/Xcode.app/Contents/Developer/Platforms/iPhoneSimulator.platform/Developer/usr/lib";
        "LLVM_PROFILE_FILE" = "/var/folders/zq/8cbfcwd96rxcn4kgyh084xz40000gn/T/com.written.datingapp.WrittenUITests.xctrunner/EFEFF2A7-DFE4-42EF-821B-86A7DF726A3D-96363-00000352C0A688E0/5F6EE1F9-8034-4656-BEB1-4C89A23DAA56-%p%c.profraw";
        NSApplicationQuitWithoutSuddenTermination = YES;
        NSUnbufferedIO = YES;
        "OS_ACTIVITY_DT_MODE" = YES;
        "PERFC_ENABLE_EXTENDED_DIAGNOSTIC_FORMAT" = 1;
        "PERFC_ENABLE_PROFILE_MODE" = 1;
        "PERFC_RESET_INSERT_LIBRARIES" = 1;
        "PERFC_SUPPRESS_SYSTEM_REPORTS" = 1;
        "RUN_DESTINATION_DEVICE_NAME" = "Clone 2 of audit-se3";
        "RUN_DESTINATION_DEVICE_PLATFORM_IDENTIFIER" = "com.apple.platform.iphonesimulator";
        "RUN_DESTINATION_DEVICE_UDID" = "00D62004-74EA-4200-9284-50C828094956";
        "SQLITE_ENABLE_THREAD_ASSERTIONS" = 1;
        "SWIFT_BACKTRACE" = "enable=no";
        TERM = dumb;
        "XCODE_SCHEME_NAME" = Written;
        "XCODE_TEST_PLAN_NAME" = Written;
        XCTestBundleInjectPath = "/usr/lib/libRPAC.dylib:/Library/Developer/CoreSimulator/Volumes/iOS_23F77/Library/Developer/CoreSimulator/Profiles/Runtimes/iOS 26.5.simruntime/Contents/Resources/RuntimeRoot/usr/lib/libMainThreadChecker.dylib:/usr/lib/libRPAC.dylib";
        XCTestBundlePath = "PlugIns/WrittenUITests.xctest";
        XCTestConfigurationFilePath = "";
        XCTestSessionIdentifier = "DC8804C2-13C7-4C62-A9A5-B01562E82B93";
        "__XCODE_BUILT_PRODUCTS_DIR_PATHS" = "/Users/shingheimok/Library/Developer/Xcode/DerivedData/Written-aomxzmeccwvsxyblvyaadgqusuyw/Build/Products/Debug-iphonesimulator";
        "__XPC_DYLD_FRAMEWORK_PATH" = "/Users/shingheimok/Library/Developer/Xcode/DerivedData/Written-aomxzmeccwvsxyblvyaadgqusuyw/Build/Products/Debug-iphonesimulator";
        "__XPC_DYLD_LIBRARY_PATH" = "/Users/shingheimok/Library/Developer/Xcode/DerivedData/Written-aomxzmeccwvsxyblvyaadgqusuyw/Build/Products/Debug-iphonesimulator";
        "__XPC_LLVM_PROFILE_FILE" = "/var/folders/zq/8cbfcwd96rxcn4kgyh084xz40000gn/T/com.written.datingapp.WrittenUITests.xctrunner/EFEFF2A7-DFE4-42EF-821B-86A7DF726A3D-96363-00000352C0A688E0/5F6EE1F9-8034-4656-BEB1-4C89A23DAA56-%p%c.profraw";
    };
    stderr = "/dev/ttys006";
    stdout = "/dev/ttys006";
    "terminate_running_process" = 1;
    "wait_for_debugger" = 1;
} (error = Error Domain=NSPOSIXErrorDomain Code=64 "Host is down" UserInfo={BSErrorCodeDescription=host down, NSUnderlyingError=0x8e6710900 {Error Domain=NSPOSIXErrorDomain Code=64 "Host is down" UserInfo={NSLocalizedFailure=The request to terminate "com.written.datingapp.WrittenUITests.xctrunner" failed., NSLocalizedFailureReason=The system shell probably crashed., BSErrorCodeDescription=host down}}, NSLocalizedDescription=Simulator device failed to launch com.written.datingapp.WrittenUITests.xctrunner., NSLocalizedFailure=The request to terminate "com.written.datingapp.WrittenUITests.xctrunner" failed., SimCallingSelector=launchApplicationWithID:options:pid:error:, NSLocalizedFailureReason=The system shell probably crashed.})
2026-08-05 14:27:36.895 xcodebuild[96363:3492808] [MT] IDELaunchReport: 65b13af54ae50700:65b13af54ae50700: Finished with error: Simulator device failed to launch com.written.datingapp.WrittenUITests.xctrunner.
Domain: NSPOSIXErrorDomain
Code: 64
Failure Reason: The system shell probably crashed.
User Info: {
    BSErrorCodeDescription = "host down";
    DVTErrorCreationDateKey = "2026-08-05 19:27:36 +0000";
    IDERunOperationFailingWorker = IDELaunchiPhoneSimulatorLauncher;
    NSLocalizedFailure = "The request to terminate \"com.written.datingapp.WrittenUITests.xctrunner\" failed.";
    SimCallingSelector = "launchApplicationWithID:options:pid:error:";
}
--
The request to terminate "com.written.datingapp.WrittenUITests.xctrunner" failed. The system shell probably crashed.
Domain: NSPOSIXErrorDomain
Code: 64
Failure Reason: The system shell probably crashed.
User Info: {
    BSErrorCodeDescription = "host down";
    NSLocalizedFailure = "The request to terminate \"com.written.datingapp.WrittenUITests.xctrunner\" failed.";
}
--

2026-08-05 14:27:36.898 xcodebuild[96363:3492808] [MT] IDELaunchReport: 65b13af54ae50700:65b13af54ae50700: com.apple.dt.IDERunOperationWorkerFinished {
    "device_identifier" = "9DE75018-1C28-4185-8C77-70732C1E0340";
    "device_model" = "iPhone14,6";
    "device_osBuild" = "26.5 (23F77)";
    "device_osBuild_monotonic" = 2305007700;
    "device_os_variant" = 1;
    "device_platform" = "com.apple.platform.iphonesimulator";
    "device_platform_family" = 2;
    "device_reality" = 2;
    "device_thinningType" = "iPhone14,6";
    "device_transport" = 4;
    "launchSession_schemeCommand" = Test;
    "launchSession_schemeCommand_enum" = 2;
    "launchSession_targetArch" = arm64;
    "launchSession_targetArch_enum" = 6;
    "operation_duration_ms" = 891033;
    "operation_errorCode" = 64;
    "operation_errorDomain" = NSPOSIXErrorDomain;
    "operation_errorWorker" = IDELaunchiPhoneSimulatorLauncher;
    "operation_error_reportable" = 1;
    "operation_name" = IDERunOperationWorkerGroup;
    "param_consoleMode" = 0;
    "param_debugger_attachToExtensions" = 0;
    "param_debugger_attachToXPC" = 0;
    "param_debugger_type" = 1;
    "param_destination_isProxy" = 0;
    "param_destination_platform" = "com.apple.platform.iphonesimulator";
    "param_diag_MTE_enable" = 0;
    "param_diag_MainThreadChecker_stopOnIssue" = 0;
    "param_diag_MallocStackLogging_enableDuringAttach" = 0;
    "param_diag_MallocStackLogging_enableForXPC" = 0;
    "param_diag_allowLocationSimulation" = 1;
    "param_diag_checker_mtc_enable" = 0;
    "param_diag_checker_tpc_enable" = 1;
    "param_diag_gpu_frameCapture_enable" = 3;
    "param_diag_gpu_shaderValidation_enable" = 0;
    "param_diag_gpu_validation_enable" = 1;
    "param_diag_guardMalloc_enable" = 0;
    "param_diag_memoryGraphOnResourceException" = 0;
    "param_diag_queueDebugging_enable" = 0;
    "param_diag_runtimeProfile_generate" = 1;
    "param_diag_sanitizer_asan_enable" = 0;
    "param_diag_sanitizer_tsan_enable" = 0;
    "param_diag_sanitizer_tsan_stopOnIssue" = 0;
    "param_diag_sanitizer_ubsan_enable" = 0;
    "param_diag_sanitizer_ubsan_stopOnIssue" = 0;
    "param_diag_showNonLocalizedStrings" = 0;
    "param_diag_viewDebugging_enabled" = 0;
    "param_diag_viewDebugging_insertDylibOnLaunch" = 0;
    "param_install_style" = 2;
    "param_launcher_UID" = 2;
    "param_launcher_allowDeviceSensorReplayData" = 0;
    "param_launcher_kind" = 0;
    "param_launcher_style" = 0;
    "param_launcher_substyle" = 64;
    "param_runnable_appExtensionHostRunMode" = 0;
    "param_runnable_productType" = "com.apple.product-type.application";
    "param_testing_launchedForTesting" = 1;
    "param_testing_suppressSimulatorApp" = 1;
    "param_testing_usingCLI" = 0;
    "sdk_canonicalName" = "iphonesimulator26.5";
    "sdk_osVersion" = "26.5";
    "sdk_platformID" = 7;
    "sdk_variant" = iphonesimulator;
    "sdk_version_monotonic" = 2305008100;
}
